(base) vishakan@Legion:~/Desktop/Git$ git branch
* master
(base) vishakan@Legion:~/Desktop/Git$ git branch test-branch
(base) vishakan@Legion:~/Desktop/Git$ git branch
* master
  test-branch
(base) vishakan@Legion:~/Desktop/Git$ git checkout test-branch
Switched to branch 'test-branch'
(base) vishakan@Legion:~/Desktop/Git$ git branch
  master
* test-branch
(base) vishakan@Legion:~/Desktop/Git$ git checkout -b test-2-branch
Switched to a new branch 'test-2-branch'
(base) vishakan@Legion:~/Desktop/Git$ git branch
  master
* test-2-branch
  test-branch
(base) vishakan@Legion:~/Desktop/Git$ cat>sample.txt
Hello to the new branch!
^C
(base) vishakan@Legion:~/Desktop/Git$ cat sample.txt
Hello to the new branch!
(base) vishakan@Legion:~/Desktop/Git$ git status
On branch test-2-branch
Untracked files:
  (use "git add <file>..." to include in what will be committed)

	sample.txt

nothing added to commit but untracked files present (use "git add" to track)
(base) vishakan@Legion:~/Desktop/Git$ git add .
(base) vishakan@Legion:~/Desktop/Git$ git commit -m "Added sample file."
[test-2-branch ae21c79] Added sample file.
 1 file changed, 1 insertion(+)
 create mode 100644 sample.txt
(base) vishakan@Legion:~/Desktop/Git$ git checkout master
Switched to branch 'master'
(base) vishakan@Legion:~/Desktop/Git$ git branch
* master
  test-2-branch
  test-branch

