(base) vishakan@Legion:~/Desktop/Git$ git checkout test-2-branch
M	Git Branches.txt
Switched to branch 'test-2-branch'
(base) vishakan@Legion:~/Desktop/Git$ ls -l
total 24
drwxr-xr-x 2 vishakan vishakan 4096 Aug 16 13:32 'Diffing Files'
-rw-r--r-- 1 vishakan vishakan 2401 Aug 18 23:19 'Git Basics.txt'
-rw-r--r-- 1 vishakan vishakan  787 Aug 20 00:51 'Git Branches.txt'
drwxr-xr-x 2 vishakan vishakan 4096 Aug 16 13:42 'Patching Files'
-rw-r--r-- 1 vishakan vishakan   25 Aug 20 00:53  sample.txt
drwxr-xr-x 2 vishakan vishakan 4096 Aug 20 00:48 'Terminal Examples'
(base) vishakan@Legion:~/Desktop/Git$ git checkout master
M	Git Branches.txt
Switched to branch 'master'
(base) vishakan@Legion:~/Desktop/Git$ git merge test-2-branch
Updating 63bc5fa..ae21c79
Fast-forward
 sample.txt | 1 +
 1 file changed, 1 insertion(+)
 create mode 100644 sample.txt


(base) vishakan@Legion:~/Desktop/Git$ git checkout test-2-branch
M	Git Branches.txt
Switched to branch 'test-2-branch'
(base) vishakan@Legion:~/Desktop/Git$ ls -l
total 24
drwxr-xr-x 2 vishakan vishakan 4096 Aug 16 13:32 'Diffing Files'
-rw-r--r-- 1 vishakan vishakan 2401 Aug 18 23:19 'Git Basics.txt'
-rw-r--r-- 1 vishakan vishakan  787 Aug 20 00:51 'Git Branches.txt'
drwxr-xr-x 2 vishakan vishakan 4096 Aug 16 13:42 'Patching Files'
-rw-r--r-- 1 vishakan vishakan   25 Aug 20 00:53  sample.txt
drwxr-xr-x 2 vishakan vishakan 4096 Aug 20 00:48 'Terminal Examples'
(base) vishakan@Legion:~/Desktop/Git$ git checkout master
M	Git Branches.txt
Switched to branch 'master'
(base) vishakan@Legion:~/Desktop/Git$ git merge test-2-branch
Updating 63bc5fa..ae21c79
Fast-forward
 sample.txt | 1 +
 1 file changed, 1 insertion(+)
 create mode 100644 sample.txt
(base) vishakan@Legion:~/Desktop/Git$ git branch test-3-branch
(base) vishakan@Legion:~/Desktop/Git$ cat>sample2.txt
Hi, creating this text file to understand merge conflicts.
^C
(base) vishakan@Legion:~/Desktop/Git$ git add .
(base) vishakan@Legion:~/Desktop/Git$ git commit -m "Added a sample2 file"
[master c7e5f12] Added a sample2 file
 4 files changed, 90 insertions(+)
 create mode 100644 Terminal Examples/Branches.txt
 create mode 100644 Terminal Examples/Merges.txt
 create mode 100644 sample2.txt
(base) vishakan@Legion:~/Desktop/Git$ git checkout test-3-branch
Switched to branch 'test-3-branch'
(base) vishakan@Legion:~/Desktop/Git$ cat>sample2.txt
Hi, creating this text file to understand merge conflicts.
I am creating a merge conflict with this line.
^C
(base) vishakan@Legion:~/Desktop/Git$ cat>sample2.txt
I am creating a merge conflict with this file.
To understand merge conflicts.
^C
(base) vishakan@Legion:~/Desktop/Git$ cat sample2.txt
I am creating a merge conflict with this file.
To understand merge conflicts.
(base) vishakan@Legion:~/Desktop/Git$ git add .
(base) vishakan@Legion:~/Desktop/Git$ git commit -m "Added sample2 file to branch-3"
[test-3-branch 1fe4c01] Added sample2 file to branch-3
 1 file changed, 2 insertions(+)
 create mode 100644 sample2.txt
(base) vishakan@Legion:~/Desktop/Git$ git checkout master
Switched to branch 'master'
(base) vishakan@Legion:~/Desktop/Git$ git log --graph --online
fatal: unrecognized argument: --online
(base) vishakan@Legion:~/Desktop/Git$ git log --graph --oneline
* c7e5f12 (HEAD -> master) Added a sample2 file
* ae21c79 (test-2-branch) Added sample file.
* 63bc5fa (test-branch) First Commit!
(base) vishakan@Legion:~/Desktop/Git$ git merge test-3-branch
Auto-merging sample2.txt
CONFLICT (add/add): Merge conflict in sample2.txt
Automatic merge failed; fix conflicts and then commit the result.
(base) vishakan@Legion:~/Desktop/Git$ git add sample2.txt
(base) vishakan@Legion:~/Desktop/Git$ git commit -m "Fixed merge conflict"
[master db34085] Fixed merge conflict
(base) vishakan@Legion:~/Desktop/Git$ git log --graph --oneline
*   db34085 (HEAD -> master) Fixed merge conflict
|\  
| * 1fe4c01 (test-3-branch) Added sample2 file to branch-3
* | c7e5f12 Added a sample2 file
|/  
* ae21c79 (test-2-branch) Added sample file.
* 63bc5fa (test-branch) First Commit!
